B
Black wins!
A1S19B2R18C3Q17D4P16E5
Thank you for playing!
