Black wins!
J15A1K14A2L13A3M12A4N11
Thank you for playing!
