Invalid!
B
Invalid!
Invalid!
Invalid!
Invalid!
W
Invalid!
Invalid!
