B
Invalid coordinate
B
Invalid coordinate
B
Invalid coordinate
Invalid coordinate
Invalid coordinate
