Black wins!
S18A1S17A2S16A3S15A4S14
Thank you for playing!
