White wins!
A1B1A3C1A5D1A7E1A9F1
Thank you for playing!
