W
White wins!
A1H9B1G9B2E9B6F9H10I9
Thank you for playing!
