White wins!
G10A1F9B2E8C3D7D4E6E5
Thank you for playing!
